ba_example_th_1.aadl:27:39: (v) does not point to any variable of the current BA or a parameter or a required data access feature of the subprogram having the current BA.
ba_example_th_1.aadl:27:47: (d) does not point to any subprogram in the AADL model.
Cannot analyze BEHAVIOR_SPECIFICATION specifications
