ba_example_th_3.aadl:56:30: (pre) does not point to any subprogram in the AADL model.
Cannot analyze BEHAVIOR_SPECIFICATION specifications
