ba_example_th_2.aadl:29:38: (x1) does not point to any variable of the current BA or a parameter or a required data access feature of the subprogram having the current BA.
ba_example_th_2.aadl:29:44:  (p1) does not point to anything or point to something unreachable.
Cannot analyze BEHAVIOR_SPECIFICATION specifications
