ba_example_sub_2.aadl:43:36: (overflow) does not point to any subprogram in the AADL model.
Cannot analyze BEHAVIOR_SPECIFICATION specifications
